------------------------------------------------------------
Timing Analyzer Summary
------------------------------------------------------------

Type  : Slow 1100mV 85C Model Setup 'handshake:FSM|positionControl:POSCTRL|currentStateP[0]'
Slack : -9.527
TNS   : -209.439

Type  : Slow 1100mV 85C Model Setup 'CLOCK_50'
Slack : -6.388
TNS   : -4005.609

Type  : Slow 1100mV 85C Model Setup 'PS2_Controller:PS2|Altera_UP_PS2_Data_In:PS2_Data_In|received_data_en'
Slack : -5.184
TNS   : -104.134

Type  : Slow 1100mV 85C Model Setup 'VGA|mypll|altpll_component|auto_generated|generic_pll1~PLL_OUTPUT_COUNTER|divclk'
Slack : 32.874
TNS   : 0.000

Type  : Slow 1100mV 85C Model Hold 'CLOCK_50'
Slack : 0.217
TNS   : 0.000

Type  : Slow 1100mV 85C Model Hold 'VGA|mypll|altpll_component|auto_generated|generic_pll1~PLL_OUTPUT_COUNTER|divclk'
Slack : 0.389
TNS   : 0.000

Type  : Slow 1100mV 85C Model Hold 'PS2_Controller:PS2|Altera_UP_PS2_Data_In:PS2_Data_In|received_data_en'
Slack : 0.469
TNS   : 0.000

Type  : Slow 1100mV 85C Model Hold 'handshake:FSM|positionControl:POSCTRL|currentStateP[0]'
Slack : 0.574
TNS   : 0.000

Type  : Slow 1100mV 85C Model Recovery 'handshake:FSM|positionControl:POSCTRL|currentStateP[0]'
Slack : -8.502
TNS   : -24.885

Type  : Slow 1100mV 85C Model Removal 'handshake:FSM|positionControl:POSCTRL|currentStateP[0]'
Slack : 1.725
TNS   : 0.000

Type  : Slow 1100mV 85C Model Minimum Pulse Width 'handshake:FSM|positionControl:POSCTRL|currentStateP[0]'
Slack : -0.504
TNS   : -19.341

Type  : Slow 1100mV 85C Model Minimum Pulse Width 'PS2_Controller:PS2|Altera_UP_PS2_Data_In:PS2_Data_In|received_data_en'
Slack : -0.394
TNS   : -11.386

Type  : Slow 1100mV 85C Model Minimum Pulse Width 'VGA|mypll|altpll_component|auto_generated|generic_pll1~FRACTIONAL_PLL|vcoph[0]'
Slack : 1.666
TNS   : 0.000

Type  : Slow 1100mV 85C Model Minimum Pulse Width 'CLOCK_50'
Slack : 8.873
TNS   : 0.000

Type  : Slow 1100mV 85C Model Minimum Pulse Width 'VGA|mypll|altpll_component|auto_generated|generic_pll1~PLL_OUTPUT_COUNTER|divclk'
Slack : 18.771
TNS   : 0.000

Type  : Slow 1100mV 0C Model Setup 'handshake:FSM|positionControl:POSCTRL|currentStateP[0]'
Slack : -9.565
TNS   : -214.577

Type  : Slow 1100mV 0C Model Setup 'CLOCK_50'
Slack : -6.046
TNS   : -3626.817

Type  : Slow 1100mV 0C Model Setup 'PS2_Controller:PS2|Altera_UP_PS2_Data_In:PS2_Data_In|received_data_en'
Slack : -5.322
TNS   : -105.421

Type  : Slow 1100mV 0C Model Setup 'VGA|mypll|altpll_component|auto_generated|generic_pll1~PLL_OUTPUT_COUNTER|divclk'
Slack : 33.089
TNS   : 0.000

Type  : Slow 1100mV 0C Model Hold 'CLOCK_50'
Slack : 0.090
TNS   : 0.000

Type  : Slow 1100mV 0C Model Hold 'VGA|mypll|altpll_component|auto_generated|generic_pll1~PLL_OUTPUT_COUNTER|divclk'
Slack : 0.362
TNS   : 0.000

Type  : Slow 1100mV 0C Model Hold 'PS2_Controller:PS2|Altera_UP_PS2_Data_In:PS2_Data_In|received_data_en'
Slack : 0.462
TNS   : 0.000

Type  : Slow 1100mV 0C Model Hold 'handshake:FSM|positionControl:POSCTRL|currentStateP[0]'
Slack : 0.613
TNS   : 0.000

Type  : Slow 1100mV 0C Model Recovery 'handshake:FSM|positionControl:POSCTRL|currentStateP[0]'
Slack : -8.443
TNS   : -24.775

Type  : Slow 1100mV 0C Model Removal 'handshake:FSM|positionControl:POSCTRL|currentStateP[0]'
Slack : 1.544
TNS   : 0.000

Type  : Slow 1100mV 0C Model Minimum Pulse Width 'handshake:FSM|positionControl:POSCTRL|currentStateP[0]'
Slack : -0.551
TNS   : -19.549

Type  : Slow 1100mV 0C Model Minimum Pulse Width 'PS2_Controller:PS2|Altera_UP_PS2_Data_In:PS2_Data_In|received_data_en'
Slack : -0.394
TNS   : -11.329

Type  : Slow 1100mV 0C Model Minimum Pulse Width 'VGA|mypll|altpll_component|auto_generated|generic_pll1~FRACTIONAL_PLL|vcoph[0]'
Slack : 1.666
TNS   : 0.000

Type  : Slow 1100mV 0C Model Minimum Pulse Width 'CLOCK_50'
Slack : 8.828
TNS   : 0.000

Type  : Slow 1100mV 0C Model Minimum Pulse Width 'VGA|mypll|altpll_component|auto_generated|generic_pll1~PLL_OUTPUT_COUNTER|divclk'
Slack : 18.759
TNS   : 0.000

Type  : Fast 1100mV 85C Model Setup 'handshake:FSM|positionControl:POSCTRL|currentStateP[0]'
Slack : -5.713
TNS   : -116.050

Type  : Fast 1100mV 85C Model Setup 'CLOCK_50'
Slack : -4.130
TNS   : -2726.978

Type  : Fast 1100mV 85C Model Setup 'PS2_Controller:PS2|Altera_UP_PS2_Data_In:PS2_Data_In|received_data_en'
Slack : -2.530
TNS   : -50.280

Type  : Fast 1100mV 85C Model Setup 'VGA|mypll|altpll_component|auto_generated|generic_pll1~PLL_OUTPUT_COUNTER|divclk'
Slack : 35.031
TNS   : 0.000

Type  : Fast 1100mV 85C Model Hold 'CLOCK_50'
Slack : 0.129
TNS   : 0.000

Type  : Fast 1100mV 85C Model Hold 'PS2_Controller:PS2|Altera_UP_PS2_Data_In:PS2_Data_In|received_data_en'
Slack : 0.237
TNS   : 0.000

Type  : Fast 1100mV 85C Model Hold 'VGA|mypll|altpll_component|auto_generated|generic_pll1~PLL_OUTPUT_COUNTER|divclk'
Slack : 0.237
TNS   : 0.000

Type  : Fast 1100mV 85C Model Hold 'handshake:FSM|positionControl:POSCTRL|currentStateP[0]'
Slack : 0.314
TNS   : 0.000

Type  : Fast 1100mV 85C Model Recovery 'handshake:FSM|positionControl:POSCTRL|currentStateP[0]'
Slack : -4.933
TNS   : -14.225

Type  : Fast 1100mV 85C Model Removal 'handshake:FSM|positionControl:POSCTRL|currentStateP[0]'
Slack : 1.251
TNS   : 0.000

Type  : Fast 1100mV 85C Model Minimum Pulse Width 'handshake:FSM|positionControl:POSCTRL|currentStateP[0]'
Slack : -0.212
TNS   : -2.614

Type  : Fast 1100mV 85C Model Minimum Pulse Width 'PS2_Controller:PS2|Altera_UP_PS2_Data_In:PS2_Data_In|received_data_en'
Slack : 0.109
TNS   : 0.000

Type  : Fast 1100mV 85C Model Minimum Pulse Width 'VGA|mypll|altpll_component|auto_generated|generic_pll1~FRACTIONAL_PLL|vcoph[0]'
Slack : 1.666
TNS   : 0.000

Type  : Fast 1100mV 85C Model Minimum Pulse Width 'CLOCK_50'
Slack : 8.807
TNS   : 0.000

Type  : Fast 1100mV 85C Model Minimum Pulse Width 'VGA|mypll|altpll_component|auto_generated|generic_pll1~PLL_OUTPUT_COUNTER|divclk'
Slack : 18.889
TNS   : 0.000

Type  : Fast 1100mV 0C Model Setup 'handshake:FSM|positionControl:POSCTRL|currentStateP[0]'
Slack : -5.278
TNS   : -110.756

Type  : Fast 1100mV 0C Model Setup 'CLOCK_50'
Slack : -3.347
TNS   : -2146.393

Type  : Fast 1100mV 0C Model Setup 'PS2_Controller:PS2|Altera_UP_PS2_Data_In:PS2_Data_In|received_data_en'
Slack : -2.447
TNS   : -47.987

Type  : Fast 1100mV 0C Model Setup 'VGA|mypll|altpll_component|auto_generated|generic_pll1~PLL_OUTPUT_COUNTER|divclk'
Slack : 35.693
TNS   : 0.000

Type  : Fast 1100mV 0C Model Hold 'CLOCK_50'
Slack : -0.079
TNS   : -0.079

Type  : Fast 1100mV 0C Model Hold 'VGA|mypll|altpll_component|auto_generated|generic_pll1~PLL_OUTPUT_COUNTER|divclk'
Slack : 0.206
TNS   : 0.000

Type  : Fast 1100mV 0C Model Hold 'PS2_Controller:PS2|Altera_UP_PS2_Data_In:PS2_Data_In|received_data_en'
Slack : 0.212
TNS   : 0.000

Type  : Fast 1100mV 0C Model Hold 'handshake:FSM|positionControl:POSCTRL|currentStateP[0]'
Slack : 0.344
TNS   : 0.000

Type  : Fast 1100mV 0C Model Recovery 'handshake:FSM|positionControl:POSCTRL|currentStateP[0]'
Slack : -4.496
TNS   : -12.999

Type  : Fast 1100mV 0C Model Removal 'handshake:FSM|positionControl:POSCTRL|currentStateP[0]'
Slack : 1.085
TNS   : 0.000

Type  : Fast 1100mV 0C Model Minimum Pulse Width 'handshake:FSM|positionControl:POSCTRL|currentStateP[0]'
Slack : -0.157
TNS   : -1.709

Type  : Fast 1100mV 0C Model Minimum Pulse Width 'PS2_Controller:PS2|Altera_UP_PS2_Data_In:PS2_Data_In|received_data_en'
Slack : 0.123
TNS   : 0.000

Type  : Fast 1100mV 0C Model Minimum Pulse Width 'VGA|mypll|altpll_component|auto_generated|generic_pll1~FRACTIONAL_PLL|vcoph[0]'
Slack : 1.666
TNS   : 0.000

Type  : Fast 1100mV 0C Model Minimum Pulse Width 'CLOCK_50'
Slack : 8.801
TNS   : 0.000

Type  : Fast 1100mV 0C Model Minimum Pulse Width 'VGA|mypll|altpll_component|auto_generated|generic_pll1~PLL_OUTPUT_COUNTER|divclk'
Slack : 18.886
TNS   : 0.000

------------------------------------------------------------
