------------------------------------------------------------
Timing Analyzer Summary
------------------------------------------------------------

Type  : Slow 1100mV 85C Model Setup 'handshake:FSM|positionControl:POSCTRL|currentState.DELETE_OLD'
Slack : -11.926
TNS   : -211.792

Type  : Slow 1100mV 85C Model Setup 'handshake:FSM|positionControl:POSCTRL|currentState.DRAW_NEW'
Slack : -11.714
TNS   : -206.453

Type  : Slow 1100mV 85C Model Setup 'handshake:FSM|positionControl:POSCTRL|currentState.DRAW_SPECIAL_BOX'
Slack : -11.464
TNS   : -172.137

Type  : Slow 1100mV 85C Model Setup 'handshake:FSM|legalControl:LEGALCTRL|gameOver'
Slack : -10.006
TNS   : -155.506

Type  : Slow 1100mV 85C Model Setup 'handshake:FSM|gameDifficulty:DIFFICULTY|playEasy'
Slack : -7.594
TNS   : -21.797

Type  : Slow 1100mV 85C Model Setup 'PS2_Controller:PS2|Altera_UP_PS2_Data_In:PS2_Data_In|received_data_en'
Slack : -6.036
TNS   : -109.863

Type  : Slow 1100mV 85C Model Setup 'CLOCK_50'
Slack : -5.773
TNS   : -5158.871

Type  : Slow 1100mV 85C Model Setup 'SW[8]'
Slack : -4.451
TNS   : -4.451

Type  : Slow 1100mV 85C Model Setup 'SW[7]'
Slack : -4.356
TNS   : -4.356

Type  : Slow 1100mV 85C Model Setup 'VGA|mypll|altpll_component|auto_generated|generic_pll1~PLL_OUTPUT_COUNTER|divclk'
Slack : 33.120
TNS   : 0.000

Type  : Slow 1100mV 85C Model Hold 'handshake:FSM|legalControl:LEGALCTRL|gameOver'
Slack : -0.192
TNS   : -0.192

Type  : Slow 1100mV 85C Model Hold 'CLOCK_50'
Slack : 0.216
TNS   : 0.000

Type  : Slow 1100mV 85C Model Hold 'VGA|mypll|altpll_component|auto_generated|generic_pll1~PLL_OUTPUT_COUNTER|divclk'
Slack : 0.405
TNS   : 0.000

Type  : Slow 1100mV 85C Model Hold 'PS2_Controller:PS2|Altera_UP_PS2_Data_In:PS2_Data_In|received_data_en'
Slack : 0.412
TNS   : 0.000

Type  : Slow 1100mV 85C Model Hold 'handshake:FSM|gameDifficulty:DIFFICULTY|playEasy'
Slack : 0.633
TNS   : 0.000

Type  : Slow 1100mV 85C Model Hold 'handshake:FSM|positionControl:POSCTRL|currentState.DRAW_SPECIAL_BOX'
Slack : 0.837
TNS   : 0.000

Type  : Slow 1100mV 85C Model Hold 'handshake:FSM|positionControl:POSCTRL|currentState.DRAW_NEW'
Slack : 1.172
TNS   : 0.000

Type  : Slow 1100mV 85C Model Hold 'SW[7]'
Slack : 1.470
TNS   : 0.000

Type  : Slow 1100mV 85C Model Hold 'handshake:FSM|positionControl:POSCTRL|currentState.DELETE_OLD'
Slack : 1.491
TNS   : 0.000

Type  : Slow 1100mV 85C Model Hold 'SW[8]'
Slack : 1.780
TNS   : 0.000

Type  : Slow 1100mV 85C Model Recovery 'handshake:FSM|positionControl:POSCTRL|currentState.DELETE_OLD'
Slack : -9.570
TNS   : -28.483

Type  : Slow 1100mV 85C Model Recovery 'handshake:FSM|positionControl:POSCTRL|currentState.DRAW_NEW'
Slack : -9.358
TNS   : -27.847

Type  : Slow 1100mV 85C Model Recovery 'handshake:FSM|positionControl:POSCTRL|currentState.DRAW_SPECIAL_BOX'
Slack : -9.108
TNS   : -27.097

Type  : Slow 1100mV 85C Model Recovery 'handshake:FSM|legalControl:LEGALCTRL|gameOver'
Slack : -7.650
TNS   : -22.723

Type  : Slow 1100mV 85C Model Removal 'handshake:FSM|legalControl:LEGALCTRL|gameOver'
Slack : 1.034
TNS   : 0.000

Type  : Slow 1100mV 85C Model Removal 'handshake:FSM|positionControl:POSCTRL|currentState.DRAW_SPECIAL_BOX'
Slack : 2.268
TNS   : 0.000

Type  : Slow 1100mV 85C Model Removal 'handshake:FSM|positionControl:POSCTRL|currentState.DRAW_NEW'
Slack : 2.603
TNS   : 0.000

Type  : Slow 1100mV 85C Model Removal 'handshake:FSM|positionControl:POSCTRL|currentState.DELETE_OLD'
Slack : 2.968
TNS   : 0.000

Type  : Slow 1100mV 85C Model Minimum Pulse Width 'PS2_Controller:PS2|Altera_UP_PS2_Data_In:PS2_Data_In|received_data_en'
Slack : -0.394
TNS   : -13.115

Type  : Slow 1100mV 85C Model Minimum Pulse Width 'handshake:FSM|positionControl:POSCTRL|currentState.DRAW_SPECIAL_BOX'
Slack : -0.394
TNS   : -10.380

Type  : Slow 1100mV 85C Model Minimum Pulse Width 'handshake:FSM|positionControl:POSCTRL|currentState.DRAW_NEW'
Slack : -0.394
TNS   : -6.358

Type  : Slow 1100mV 85C Model Minimum Pulse Width 'handshake:FSM|positionControl:POSCTRL|currentState.DELETE_OLD'
Slack : -0.394
TNS   : -5.268

Type  : Slow 1100mV 85C Model Minimum Pulse Width 'handshake:FSM|legalControl:LEGALCTRL|gameOver'
Slack : -0.034
TNS   : -0.058

Type  : Slow 1100mV 85C Model Minimum Pulse Width 'SW[8]'
Slack : 0.101
TNS   : 0.000

Type  : Slow 1100mV 85C Model Minimum Pulse Width 'SW[7]'
Slack : 0.125
TNS   : 0.000

Type  : Slow 1100mV 85C Model Minimum Pulse Width 'handshake:FSM|gameDifficulty:DIFFICULTY|playEasy'
Slack : 0.218
TNS   : 0.000

Type  : Slow 1100mV 85C Model Minimum Pulse Width 'VGA|mypll|altpll_component|auto_generated|generic_pll1~FRACTIONAL_PLL|vcoph[0]'
Slack : 1.666
TNS   : 0.000

Type  : Slow 1100mV 85C Model Minimum Pulse Width 'CLOCK_50'
Slack : 8.863
TNS   : 0.000

Type  : Slow 1100mV 85C Model Minimum Pulse Width 'VGA|mypll|altpll_component|auto_generated|generic_pll1~PLL_OUTPUT_COUNTER|divclk'
Slack : 18.763
TNS   : 0.000

Type  : Slow 1100mV 0C Model Setup 'handshake:FSM|positionControl:POSCTRL|currentState.DELETE_OLD'
Slack : -11.913
TNS   : -212.777

Type  : Slow 1100mV 0C Model Setup 'handshake:FSM|positionControl:POSCTRL|currentState.DRAW_NEW'
Slack : -11.681
TNS   : -207.211

Type  : Slow 1100mV 0C Model Setup 'handshake:FSM|positionControl:POSCTRL|currentState.DRAW_SPECIAL_BOX'
Slack : -11.479
TNS   : -172.299

Type  : Slow 1100mV 0C Model Setup 'handshake:FSM|legalControl:LEGALCTRL|gameOver'
Slack : -10.051
TNS   : -155.265

Type  : Slow 1100mV 0C Model Setup 'handshake:FSM|gameDifficulty:DIFFICULTY|playEasy'
Slack : -7.765
TNS   : -22.301

Type  : Slow 1100mV 0C Model Setup 'PS2_Controller:PS2|Altera_UP_PS2_Data_In:PS2_Data_In|received_data_en'
Slack : -6.041
TNS   : -110.152

Type  : Slow 1100mV 0C Model Setup 'CLOCK_50'
Slack : -5.326
TNS   : -4743.019

Type  : Slow 1100mV 0C Model Setup 'SW[8]'
Slack : -4.335
TNS   : -4.335

Type  : Slow 1100mV 0C Model Setup 'SW[7]'
Slack : -4.235
TNS   : -4.235

Type  : Slow 1100mV 0C Model Setup 'VGA|mypll|altpll_component|auto_generated|generic_pll1~PLL_OUTPUT_COUNTER|divclk'
Slack : 33.346
TNS   : 0.000

Type  : Slow 1100mV 0C Model Hold 'handshake:FSM|legalControl:LEGALCTRL|gameOver'
Slack : -0.251
TNS   : -0.251

Type  : Slow 1100mV 0C Model Hold 'CLOCK_50'
Slack : -0.085
TNS   : -0.169

Type  : Slow 1100mV 0C Model Hold 'PS2_Controller:PS2|Altera_UP_PS2_Data_In:PS2_Data_In|received_data_en'
Slack : 0.391
TNS   : 0.000

Type  : Slow 1100mV 0C Model Hold 'VGA|mypll|altpll_component|auto_generated|generic_pll1~PLL_OUTPUT_COUNTER|divclk'
Slack : 0.400
TNS   : 0.000

Type  : Slow 1100mV 0C Model Hold 'handshake:FSM|gameDifficulty:DIFFICULTY|playEasy'
Slack : 0.647
TNS   : 0.000

Type  : Slow 1100mV 0C Model Hold 'handshake:FSM|positionControl:POSCTRL|currentState.DRAW_SPECIAL_BOX'
Slack : 0.764
TNS   : 0.000

Type  : Slow 1100mV 0C Model Hold 'handshake:FSM|positionControl:POSCTRL|currentState.DRAW_NEW'
Slack : 1.035
TNS   : 0.000

Type  : Slow 1100mV 0C Model Hold 'SW[7]'
Slack : 1.191
TNS   : 0.000

Type  : Slow 1100mV 0C Model Hold 'handshake:FSM|positionControl:POSCTRL|currentState.DELETE_OLD'
Slack : 1.345
TNS   : 0.000

Type  : Slow 1100mV 0C Model Hold 'SW[8]'
Slack : 1.535
TNS   : 0.000

Type  : Slow 1100mV 0C Model Recovery 'handshake:FSM|positionControl:POSCTRL|currentState.DELETE_OLD'
Slack : -9.494
TNS   : -28.300

Type  : Slow 1100mV 0C Model Recovery 'handshake:FSM|positionControl:POSCTRL|currentState.DRAW_NEW'
Slack : -9.262
TNS   : -27.604

Type  : Slow 1100mV 0C Model Recovery 'handshake:FSM|positionControl:POSCTRL|currentState.DRAW_SPECIAL_BOX'
Slack : -9.060
TNS   : -26.998

Type  : Slow 1100mV 0C Model Recovery 'handshake:FSM|legalControl:LEGALCTRL|gameOver'
Slack : -7.632
TNS   : -22.714

Type  : Slow 1100mV 0C Model Removal 'handshake:FSM|legalControl:LEGALCTRL|gameOver'
Slack : 0.931
TNS   : 0.000

Type  : Slow 1100mV 0C Model Removal 'handshake:FSM|positionControl:POSCTRL|currentState.DRAW_SPECIAL_BOX'
Slack : 2.136
TNS   : 0.000

Type  : Slow 1100mV 0C Model Removal 'handshake:FSM|positionControl:POSCTRL|currentState.DRAW_NEW'
Slack : 2.407
TNS   : 0.000

Type  : Slow 1100mV 0C Model Removal 'handshake:FSM|positionControl:POSCTRL|currentState.DELETE_OLD'
Slack : 2.704
TNS   : 0.000

Type  : Slow 1100mV 0C Model Minimum Pulse Width 'PS2_Controller:PS2|Altera_UP_PS2_Data_In:PS2_Data_In|received_data_en'
Slack : -0.394
TNS   : -12.946

Type  : Slow 1100mV 0C Model Minimum Pulse Width 'handshake:FSM|positionControl:POSCTRL|currentState.DRAW_SPECIAL_BOX'
Slack : -0.394
TNS   : -10.269

Type  : Slow 1100mV 0C Model Minimum Pulse Width 'handshake:FSM|positionControl:POSCTRL|currentState.DRAW_NEW'
Slack : -0.394
TNS   : -6.236

Type  : Slow 1100mV 0C Model Minimum Pulse Width 'handshake:FSM|positionControl:POSCTRL|currentState.DELETE_OLD'
Slack : -0.394
TNS   : -5.252

Type  : Slow 1100mV 0C Model Minimum Pulse Width 'handshake:FSM|legalControl:LEGALCTRL|gameOver'
Slack : -0.038
TNS   : -0.140

Type  : Slow 1100mV 0C Model Minimum Pulse Width 'SW[8]'
Slack : 0.104
TNS   : 0.000

Type  : Slow 1100mV 0C Model Minimum Pulse Width 'SW[7]'
Slack : 0.108
TNS   : 0.000

Type  : Slow 1100mV 0C Model Minimum Pulse Width 'handshake:FSM|gameDifficulty:DIFFICULTY|playEasy'
Slack : 0.208
TNS   : 0.000

Type  : Slow 1100mV 0C Model Minimum Pulse Width 'VGA|mypll|altpll_component|auto_generated|generic_pll1~FRACTIONAL_PLL|vcoph[0]'
Slack : 1.666
TNS   : 0.000

Type  : Slow 1100mV 0C Model Minimum Pulse Width 'CLOCK_50'
Slack : 8.817
TNS   : 0.000

Type  : Slow 1100mV 0C Model Minimum Pulse Width 'VGA|mypll|altpll_component|auto_generated|generic_pll1~PLL_OUTPUT_COUNTER|divclk'
Slack : 18.746
TNS   : 0.000

Type  : Fast 1100mV 85C Model Setup 'handshake:FSM|positionControl:POSCTRL|currentState.DELETE_OLD'
Slack : -7.227
TNS   : -120.836

Type  : Fast 1100mV 85C Model Setup 'handshake:FSM|positionControl:POSCTRL|currentState.DRAW_NEW'
Slack : -7.129
TNS   : -118.075

Type  : Fast 1100mV 85C Model Setup 'handshake:FSM|positionControl:POSCTRL|currentState.DRAW_SPECIAL_BOX'
Slack : -6.970
TNS   : -101.302

Type  : Fast 1100mV 85C Model Setup 'handshake:FSM|legalControl:LEGALCTRL|gameOver'
Slack : -5.920
TNS   : -88.462

Type  : Fast 1100mV 85C Model Setup 'handshake:FSM|gameDifficulty:DIFFICULTY|playEasy'
Slack : -4.233
TNS   : -11.875

Type  : Fast 1100mV 85C Model Setup 'CLOCK_50'
Slack : -4.022
TNS   : -3536.154

Type  : Fast 1100mV 85C Model Setup 'PS2_Controller:PS2|Altera_UP_PS2_Data_In:PS2_Data_In|received_data_en'
Slack : -3.197
TNS   : -57.157

Type  : Fast 1100mV 85C Model Setup 'SW[8]'
Slack : -3.063
TNS   : -3.063

Type  : Fast 1100mV 85C Model Setup 'SW[7]'
Slack : -3.013
TNS   : -3.013

Type  : Fast 1100mV 85C Model Setup 'VGA|mypll|altpll_component|auto_generated|generic_pll1~PLL_OUTPUT_COUNTER|divclk'
Slack : 35.126
TNS   : 0.000

Type  : Fast 1100mV 85C Model Hold 'handshake:FSM|legalControl:LEGALCTRL|gameOver'
Slack : -0.186
TNS   : -0.186

Type  : Fast 1100mV 85C Model Hold 'CLOCK_50'
Slack : 0.099
TNS   : 0.000

Type  : Fast 1100mV 85C Model Hold 'PS2_Controller:PS2|Altera_UP_PS2_Data_In:PS2_Data_In|received_data_en'
Slack : 0.147
TNS   : 0.000

Type  : Fast 1100mV 85C Model Hold 'VGA|mypll|altpll_component|auto_generated|generic_pll1~PLL_OUTPUT_COUNTER|divclk'
Slack : 0.243
TNS   : 0.000

Type  : Fast 1100mV 85C Model Hold 'handshake:FSM|gameDifficulty:DIFFICULTY|playEasy'
Slack : 0.320
TNS   : 0.000

Type  : Fast 1100mV 85C Model Hold 'handshake:FSM|positionControl:POSCTRL|currentState.DRAW_SPECIAL_BOX'
Slack : 0.346
TNS   : 0.000

Type  : Fast 1100mV 85C Model Hold 'handshake:FSM|positionControl:POSCTRL|currentState.DRAW_NEW'
Slack : 0.553
TNS   : 0.000

Type  : Fast 1100mV 85C Model Hold 'handshake:FSM|positionControl:POSCTRL|currentState.DELETE_OLD'
Slack : 0.749
TNS   : 0.000

Type  : Fast 1100mV 85C Model Hold 'SW[7]'
Slack : 0.923
TNS   : 0.000

Type  : Fast 1100mV 85C Model Hold 'SW[8]'
Slack : 1.021
TNS   : 0.000

Type  : Fast 1100mV 85C Model Recovery 'handshake:FSM|positionControl:POSCTRL|currentState.DELETE_OLD'
Slack : -5.826
TNS   : -17.402

Type  : Fast 1100mV 85C Model Recovery 'handshake:FSM|positionControl:POSCTRL|currentState.DRAW_NEW'
Slack : -5.728
TNS   : -17.108

Type  : Fast 1100mV 85C Model Recovery 'handshake:FSM|positionControl:POSCTRL|currentState.DRAW_SPECIAL_BOX'
Slack : -5.569
TNS   : -16.631

Type  : Fast 1100mV 85C Model Recovery 'handshake:FSM|legalControl:LEGALCTRL|gameOver'
Slack : -4.519
TNS   : -13.481

Type  : Fast 1100mV 85C Model Removal 'handshake:FSM|legalControl:LEGALCTRL|gameOver'
Slack : 0.952
TNS   : 0.000

Type  : Fast 1100mV 85C Model Removal 'handshake:FSM|positionControl:POSCTRL|currentState.DRAW_SPECIAL_BOX'
Slack : 1.711
TNS   : 0.000

Type  : Fast 1100mV 85C Model Removal 'handshake:FSM|positionControl:POSCTRL|currentState.DRAW_NEW'
Slack : 1.918
TNS   : 0.000

Type  : Fast 1100mV 85C Model Removal 'handshake:FSM|positionControl:POSCTRL|currentState.DELETE_OLD'
Slack : 2.023
TNS   : 0.000

Type  : Fast 1100mV 85C Model Minimum Pulse Width 'SW[8]'
Slack : -0.172
TNS   : -0.372

Type  : Fast 1100mV 85C Model Minimum Pulse Width 'SW[7]'
Slack : -0.114
TNS   : -0.414

Type  : Fast 1100mV 85C Model Minimum Pulse Width 'PS2_Controller:PS2|Altera_UP_PS2_Data_In:PS2_Data_In|received_data_en'
Slack : -0.101
TNS   : -0.924

Type  : Fast 1100mV 85C Model Minimum Pulse Width 'handshake:FSM|positionControl:POSCTRL|currentState.DRAW_NEW'
Slack : -0.065
TNS   : -0.449

Type  : Fast 1100mV 85C Model Minimum Pulse Width 'handshake:FSM|positionControl:POSCTRL|currentState.DRAW_SPECIAL_BOX'
Slack : -0.019
TNS   : -0.128

Type  : Fast 1100mV 85C Model Minimum Pulse Width 'handshake:FSM|legalControl:LEGALCTRL|gameOver'
Slack : -0.016
TNS   : -0.031

Type  : Fast 1100mV 85C Model Minimum Pulse Width 'handshake:FSM|positionControl:POSCTRL|currentState.DELETE_OLD'
Slack : 0.032
TNS   : 0.000

Type  : Fast 1100mV 85C Model Minimum Pulse Width 'handshake:FSM|gameDifficulty:DIFFICULTY|playEasy'
Slack : 0.232
TNS   : 0.000

Type  : Fast 1100mV 85C Model Minimum Pulse Width 'VGA|mypll|altpll_component|auto_generated|generic_pll1~FRACTIONAL_PLL|vcoph[0]'
Slack : 1.666
TNS   : 0.000

Type  : Fast 1100mV 85C Model Minimum Pulse Width 'CLOCK_50'
Slack : 8.806
TNS   : 0.000

Type  : Fast 1100mV 85C Model Minimum Pulse Width 'VGA|mypll|altpll_component|auto_generated|generic_pll1~PLL_OUTPUT_COUNTER|divclk'
Slack : 18.887
TNS   : 0.000

Type  : Fast 1100mV 0C Model Setup 'handshake:FSM|positionControl:POSCTRL|currentState.DELETE_OLD'
Slack : -6.691
TNS   : -112.821

Type  : Fast 1100mV 0C Model Setup 'handshake:FSM|positionControl:POSCTRL|currentState.DRAW_NEW'
Slack : -6.592
TNS   : -110.138

Type  : Fast 1100mV 0C Model Setup 'handshake:FSM|positionControl:POSCTRL|currentState.DRAW_SPECIAL_BOX'
Slack : -6.463
TNS   : -93.971

Type  : Fast 1100mV 0C Model Setup 'handshake:FSM|legalControl:LEGALCTRL|gameOver'
Slack : -5.511
TNS   : -82.139

Type  : Fast 1100mV 0C Model Setup 'handshake:FSM|gameDifficulty:DIFFICULTY|playEasy'
Slack : -4.090
TNS   : -11.516

Type  : Fast 1100mV 0C Model Setup 'CLOCK_50'
Slack : -3.309
TNS   : -2876.399

Type  : Fast 1100mV 0C Model Setup 'PS2_Controller:PS2|Altera_UP_PS2_Data_In:PS2_Data_In|received_data_en'
Slack : -2.995
TNS   : -53.325

Type  : Fast 1100mV 0C Model Setup 'SW[8]'
Slack : -2.757
TNS   : -2.757

Type  : Fast 1100mV 0C Model Setup 'SW[7]'
Slack : -2.670
TNS   : -2.670

Type  : Fast 1100mV 0C Model Setup 'VGA|mypll|altpll_component|auto_generated|generic_pll1~PLL_OUTPUT_COUNTER|divclk'
Slack : 35.743
TNS   : 0.000

Type  : Fast 1100mV 0C Model Hold 'handshake:FSM|legalControl:LEGALCTRL|gameOver'
Slack : -0.145
TNS   : -0.145

Type  : Fast 1100mV 0C Model Hold 'CLOCK_50'
Slack : -0.110
TNS   : -0.518

Type  : Fast 1100mV 0C Model Hold 'PS2_Controller:PS2|Altera_UP_PS2_Data_In:PS2_Data_In|received_data_en'
Slack : 0.123
TNS   : 0.000

Type  : Fast 1100mV 0C Model Hold 'VGA|mypll|altpll_component|auto_generated|generic_pll1~PLL_OUTPUT_COUNTER|divclk'
Slack : 0.215
TNS   : 0.000

Type  : Fast 1100mV 0C Model Hold 'handshake:FSM|positionControl:POSCTRL|currentState.DRAW_SPECIAL_BOX'
Slack : 0.246
TNS   : 0.000

Type  : Fast 1100mV 0C Model Hold 'handshake:FSM|gameDifficulty:DIFFICULTY|playEasy'
Slack : 0.310
TNS   : 0.000

Type  : Fast 1100mV 0C Model Hold 'handshake:FSM|positionControl:POSCTRL|currentState.DRAW_NEW'
Slack : 0.413
TNS   : 0.000

Type  : Fast 1100mV 0C Model Hold 'handshake:FSM|positionControl:POSCTRL|currentState.DELETE_OLD'
Slack : 0.582
TNS   : 0.000

Type  : Fast 1100mV 0C Model Hold 'SW[7]'
Slack : 0.665
TNS   : 0.000

Type  : Fast 1100mV 0C Model Hold 'SW[8]'
Slack : 0.805
TNS   : 0.000

Type  : Fast 1100mV 0C Model Recovery 'handshake:FSM|positionControl:POSCTRL|currentState.DELETE_OLD'
Slack : -5.334
TNS   : -15.940

Type  : Fast 1100mV 0C Model Recovery 'handshake:FSM|positionControl:POSCTRL|currentState.DRAW_NEW'
Slack : -5.235
TNS   : -15.643

Type  : Fast 1100mV 0C Model Recovery 'handshake:FSM|positionControl:POSCTRL|currentState.DRAW_SPECIAL_BOX'
Slack : -5.106
TNS   : -15.256

Type  : Fast 1100mV 0C Model Recovery 'handshake:FSM|legalControl:LEGALCTRL|gameOver'
Slack : -4.154
TNS   : -12.400

Type  : Fast 1100mV 0C Model Removal 'handshake:FSM|legalControl:LEGALCTRL|gameOver'
Slack : 0.801
TNS   : 0.000

Type  : Fast 1100mV 0C Model Removal 'handshake:FSM|positionControl:POSCTRL|currentState.DRAW_SPECIAL_BOX'
Slack : 1.452
TNS   : 0.000

Type  : Fast 1100mV 0C Model Removal 'handshake:FSM|positionControl:POSCTRL|currentState.DRAW_NEW'
Slack : 1.619
TNS   : 0.000

Type  : Fast 1100mV 0C Model Removal 'handshake:FSM|positionControl:POSCTRL|currentState.DELETE_OLD'
Slack : 1.752
TNS   : 0.000

Type  : Fast 1100mV 0C Model Minimum Pulse Width 'SW[8]'
Slack : -0.129
TNS   : -0.244

Type  : Fast 1100mV 0C Model Minimum Pulse Width 'SW[7]'
Slack : -0.087
TNS   : -0.319

Type  : Fast 1100mV 0C Model Minimum Pulse Width 'PS2_Controller:PS2|Altera_UP_PS2_Data_In:PS2_Data_In|received_data_en'
Slack : -0.037
TNS   : -0.263

Type  : Fast 1100mV 0C Model Minimum Pulse Width 'handshake:FSM|positionControl:POSCTRL|currentState.DRAW_NEW'
Slack : -0.009
TNS   : -0.057

Type  : Fast 1100mV 0C Model Minimum Pulse Width 'handshake:FSM|positionControl:POSCTRL|currentState.DRAW_SPECIAL_BOX'
Slack : 0.019
TNS   : 0.000

Type  : Fast 1100mV 0C Model Minimum Pulse Width 'handshake:FSM|positionControl:POSCTRL|currentState.DELETE_OLD'
Slack : 0.060
TNS   : 0.000

Type  : Fast 1100mV 0C Model Minimum Pulse Width 'handshake:FSM|legalControl:LEGALCTRL|gameOver'
Slack : 0.064
TNS   : 0.000

Type  : Fast 1100mV 0C Model Minimum Pulse Width 'handshake:FSM|gameDifficulty:DIFFICULTY|playEasy'
Slack : 0.268
TNS   : 0.000

Type  : Fast 1100mV 0C Model Minimum Pulse Width 'VGA|mypll|altpll_component|auto_generated|generic_pll1~FRACTIONAL_PLL|vcoph[0]'
Slack : 1.666
TNS   : 0.000

Type  : Fast 1100mV 0C Model Minimum Pulse Width 'CLOCK_50'
Slack : 8.801
TNS   : 0.000

Type  : Fast 1100mV 0C Model Minimum Pulse Width 'VGA|mypll|altpll_component|auto_generated|generic_pll1~PLL_OUTPUT_COUNTER|divclk'
Slack : 18.885
TNS   : 0.000

------------------------------------------------------------
