------------------------------------------------------------
Timing Analyzer Summary
------------------------------------------------------------

Type  : Slow 1100mV 85C Model Setup 'handshake:FSM|positionControl:POSCTRL|currentState.DRAW_MAZE'
Slack : -10.258
TNS   : -152.278

Type  : Slow 1100mV 85C Model Setup 'handshake:FSM|positionControl:POSCTRL|currentState.DELETE_OLD'
Slack : -8.081
TNS   : -152.972

Type  : Slow 1100mV 85C Model Setup 'handshake:FSM|positionControl:POSCTRL|currentState.DRAW_NEW'
Slack : -8.077
TNS   : -151.172

Type  : Slow 1100mV 85C Model Setup 'handshake:FSM|legalControl:LEGALCTRL|gameOver'
Slack : -7.992
TNS   : -122.925

Type  : Slow 1100mV 85C Model Setup 'SW[7]'
Slack : -5.658
TNS   : -16.376

Type  : Slow 1100mV 85C Model Setup 'CLOCK_50'
Slack : -4.866
TNS   : -4025.996

Type  : Slow 1100mV 85C Model Setup 'VGA|mypll|altpll_component|auto_generated|generic_pll1~PLL_OUTPUT_COUNTER|divclk'
Slack : 31.165
TNS   : 0.000

Type  : Slow 1100mV 85C Model Hold 'CLOCK_50'
Slack : 0.220
TNS   : 0.000

Type  : Slow 1100mV 85C Model Hold 'VGA|mypll|altpll_component|auto_generated|generic_pll1~PLL_OUTPUT_COUNTER|divclk'
Slack : 0.422
TNS   : 0.000

Type  : Slow 1100mV 85C Model Hold 'handshake:FSM|positionControl:POSCTRL|currentState.DRAW_MAZE'
Slack : 0.811
TNS   : 0.000

Type  : Slow 1100mV 85C Model Hold 'handshake:FSM|positionControl:POSCTRL|currentState.DRAW_NEW'
Slack : 1.270
TNS   : 0.000

Type  : Slow 1100mV 85C Model Hold 'SW[7]'
Slack : 1.399
TNS   : 0.000

Type  : Slow 1100mV 85C Model Hold 'handshake:FSM|positionControl:POSCTRL|currentState.DELETE_OLD'
Slack : 1.476
TNS   : 0.000

Type  : Slow 1100mV 85C Model Hold 'handshake:FSM|legalControl:LEGALCTRL|gameOver'
Slack : 1.666
TNS   : 0.000

Type  : Slow 1100mV 85C Model Minimum Pulse Width 'handshake:FSM|positionControl:POSCTRL|currentState.DRAW_NEW'
Slack : -0.394
TNS   : -6.301

Type  : Slow 1100mV 85C Model Minimum Pulse Width 'handshake:FSM|positionControl:POSCTRL|currentState.DELETE_OLD'
Slack : -0.394
TNS   : -5.602

Type  : Slow 1100mV 85C Model Minimum Pulse Width 'SW[7]'
Slack : 0.067
TNS   : 0.000

Type  : Slow 1100mV 85C Model Minimum Pulse Width 'handshake:FSM|legalControl:LEGALCTRL|gameOver'
Slack : 0.180
TNS   : 0.000

Type  : Slow 1100mV 85C Model Minimum Pulse Width 'handshake:FSM|positionControl:POSCTRL|currentState.DRAW_MAZE'
Slack : 0.233
TNS   : 0.000

Type  : Slow 1100mV 85C Model Minimum Pulse Width 'VGA|mypll|altpll_component|auto_generated|generic_pll1~FRACTIONAL_PLL|vcoph[0]'
Slack : 1.666
TNS   : 0.000

Type  : Slow 1100mV 85C Model Minimum Pulse Width 'CLOCK_50'
Slack : 8.861
TNS   : 0.000

Type  : Slow 1100mV 85C Model Minimum Pulse Width 'VGA|mypll|altpll_component|auto_generated|generic_pll1~PLL_OUTPUT_COUNTER|divclk'
Slack : 18.773
TNS   : 0.000

Type  : Slow 1100mV 0C Model Setup 'handshake:FSM|positionControl:POSCTRL|currentState.DRAW_MAZE'
Slack : -10.467
TNS   : -153.144

Type  : Slow 1100mV 0C Model Setup 'handshake:FSM|positionControl:POSCTRL|currentState.DRAW_NEW'
Slack : -8.080
TNS   : -153.436

Type  : Slow 1100mV 0C Model Setup 'handshake:FSM|positionControl:POSCTRL|currentState.DELETE_OLD'
Slack : -8.077
TNS   : -155.059

Type  : Slow 1100mV 0C Model Setup 'handshake:FSM|legalControl:LEGALCTRL|gameOver'
Slack : -8.013
TNS   : -124.098

Type  : Slow 1100mV 0C Model Setup 'SW[7]'
Slack : -5.908
TNS   : -17.055

Type  : Slow 1100mV 0C Model Setup 'CLOCK_50'
Slack : -4.469
TNS   : -3636.471

Type  : Slow 1100mV 0C Model Setup 'VGA|mypll|altpll_component|auto_generated|generic_pll1~PLL_OUTPUT_COUNTER|divclk'
Slack : 31.573
TNS   : 0.000

Type  : Slow 1100mV 0C Model Hold 'CLOCK_50'
Slack : 0.065
TNS   : 0.000

Type  : Slow 1100mV 0C Model Hold 'VGA|mypll|altpll_component|auto_generated|generic_pll1~PLL_OUTPUT_COUNTER|divclk'
Slack : 0.386
TNS   : 0.000

Type  : Slow 1100mV 0C Model Hold 'handshake:FSM|positionControl:POSCTRL|currentState.DRAW_MAZE'
Slack : 0.836
TNS   : 0.000

Type  : Slow 1100mV 0C Model Hold 'handshake:FSM|positionControl:POSCTRL|currentState.DRAW_NEW'
Slack : 1.167
TNS   : 0.000

Type  : Slow 1100mV 0C Model Hold 'handshake:FSM|positionControl:POSCTRL|currentState.DELETE_OLD'
Slack : 1.320
TNS   : 0.000

Type  : Slow 1100mV 0C Model Hold 'SW[7]'
Slack : 1.368
TNS   : 0.000

Type  : Slow 1100mV 0C Model Hold 'handshake:FSM|legalControl:LEGALCTRL|gameOver'
Slack : 1.627
TNS   : 0.000

Type  : Slow 1100mV 0C Model Minimum Pulse Width 'handshake:FSM|positionControl:POSCTRL|currentState.DRAW_NEW'
Slack : -0.394
TNS   : -6.202

Type  : Slow 1100mV 0C Model Minimum Pulse Width 'handshake:FSM|positionControl:POSCTRL|currentState.DELETE_OLD'
Slack : -0.394
TNS   : -5.477

Type  : Slow 1100mV 0C Model Minimum Pulse Width 'SW[7]'
Slack : 0.064
TNS   : 0.000

Type  : Slow 1100mV 0C Model Minimum Pulse Width 'handshake:FSM|legalControl:LEGALCTRL|gameOver'
Slack : 0.172
TNS   : 0.000

Type  : Slow 1100mV 0C Model Minimum Pulse Width 'handshake:FSM|positionControl:POSCTRL|currentState.DRAW_MAZE'
Slack : 0.218
TNS   : 0.000

Type  : Slow 1100mV 0C Model Minimum Pulse Width 'VGA|mypll|altpll_component|auto_generated|generic_pll1~FRACTIONAL_PLL|vcoph[0]'
Slack : 1.666
TNS   : 0.000

Type  : Slow 1100mV 0C Model Minimum Pulse Width 'CLOCK_50'
Slack : 8.819
TNS   : 0.000

Type  : Slow 1100mV 0C Model Minimum Pulse Width 'VGA|mypll|altpll_component|auto_generated|generic_pll1~PLL_OUTPUT_COUNTER|divclk'
Slack : 18.754
TNS   : 0.000

Type  : Fast 1100mV 85C Model Setup 'handshake:FSM|positionControl:POSCTRL|currentState.DRAW_MAZE'
Slack : -5.535
TNS   : -84.558

Type  : Fast 1100mV 85C Model Setup 'handshake:FSM|positionControl:POSCTRL|currentState.DRAW_NEW'
Slack : -4.791
TNS   : -82.769

Type  : Fast 1100mV 85C Model Setup 'handshake:FSM|positionControl:POSCTRL|currentState.DELETE_OLD'
Slack : -4.767
TNS   : -83.408

Type  : Fast 1100mV 85C Model Setup 'handshake:FSM|legalControl:LEGALCTRL|gameOver'
Slack : -4.631
TNS   : -67.959

Type  : Fast 1100mV 85C Model Setup 'CLOCK_50'
Slack : -3.700
TNS   : -2865.242

Type  : Fast 1100mV 85C Model Setup 'SW[7]'
Slack : -2.825
TNS   : -8.163

Type  : Fast 1100mV 85C Model Setup 'VGA|mypll|altpll_component|auto_generated|generic_pll1~PLL_OUTPUT_COUNTER|divclk'
Slack : 33.484
TNS   : 0.000

Type  : Fast 1100mV 85C Model Hold 'CLOCK_50'
Slack : 0.142
TNS   : 0.000

Type  : Fast 1100mV 85C Model Hold 'VGA|mypll|altpll_component|auto_generated|generic_pll1~PLL_OUTPUT_COUNTER|divclk'
Slack : 0.237
TNS   : 0.000

Type  : Fast 1100mV 85C Model Hold 'handshake:FSM|positionControl:POSCTRL|currentState.DRAW_MAZE'
Slack : 0.325
TNS   : 0.000

Type  : Fast 1100mV 85C Model Hold 'handshake:FSM|positionControl:POSCTRL|currentState.DRAW_NEW'
Slack : 0.707
TNS   : 0.000

Type  : Fast 1100mV 85C Model Hold 'SW[7]'
Slack : 0.710
TNS   : 0.000

Type  : Fast 1100mV 85C Model Hold 'handshake:FSM|positionControl:POSCTRL|currentState.DELETE_OLD'
Slack : 0.734
TNS   : 0.000

Type  : Fast 1100mV 85C Model Hold 'handshake:FSM|legalControl:LEGALCTRL|gameOver'
Slack : 0.969
TNS   : 0.000

Type  : Fast 1100mV 85C Model Minimum Pulse Width 'SW[7]'
Slack : -0.189
TNS   : -0.995

Type  : Fast 1100mV 85C Model Minimum Pulse Width 'handshake:FSM|positionControl:POSCTRL|currentState.DRAW_NEW'
Slack : -0.046
TNS   : -0.181

Type  : Fast 1100mV 85C Model Minimum Pulse Width 'handshake:FSM|positionControl:POSCTRL|currentState.DELETE_OLD'
Slack : -0.009
TNS   : -0.009

Type  : Fast 1100mV 85C Model Minimum Pulse Width 'handshake:FSM|legalControl:LEGALCTRL|gameOver'
Slack : 0.164
TNS   : 0.000

Type  : Fast 1100mV 85C Model Minimum Pulse Width 'handshake:FSM|positionControl:POSCTRL|currentState.DRAW_MAZE'
Slack : 0.216
TNS   : 0.000

Type  : Fast 1100mV 85C Model Minimum Pulse Width 'VGA|mypll|altpll_component|auto_generated|generic_pll1~FRACTIONAL_PLL|vcoph[0]'
Slack : 1.666
TNS   : 0.000

Type  : Fast 1100mV 85C Model Minimum Pulse Width 'CLOCK_50'
Slack : 8.807
TNS   : 0.000

Type  : Fast 1100mV 85C Model Minimum Pulse Width 'VGA|mypll|altpll_component|auto_generated|generic_pll1~PLL_OUTPUT_COUNTER|divclk'
Slack : 18.891
TNS   : 0.000

Type  : Fast 1100mV 0C Model Setup 'handshake:FSM|positionControl:POSCTRL|currentState.DRAW_MAZE'
Slack : -5.217
TNS   : -79.003

Type  : Fast 1100mV 0C Model Setup 'handshake:FSM|positionControl:POSCTRL|currentState.DRAW_NEW'
Slack : -4.455
TNS   : -78.505

Type  : Fast 1100mV 0C Model Setup 'handshake:FSM|positionControl:POSCTRL|currentState.DELETE_OLD'
Slack : -4.439
TNS   : -79.183

Type  : Fast 1100mV 0C Model Setup 'handshake:FSM|legalControl:LEGALCTRL|gameOver'
Slack : -4.297
TNS   : -63.651

Type  : Fast 1100mV 0C Model Setup 'CLOCK_50'
Slack : -2.998
TNS   : -2245.426

Type  : Fast 1100mV 0C Model Setup 'SW[7]'
Slack : -2.675
TNS   : -7.720

Type  : Fast 1100mV 0C Model Setup 'VGA|mypll|altpll_component|auto_generated|generic_pll1~PLL_OUTPUT_COUNTER|divclk'
Slack : 34.341
TNS   : 0.000

Type  : Fast 1100mV 0C Model Hold 'CLOCK_50'
Slack : 0.021
TNS   : 0.000

Type  : Fast 1100mV 0C Model Hold 'VGA|mypll|altpll_component|auto_generated|generic_pll1~PLL_OUTPUT_COUNTER|divclk'
Slack : 0.178
TNS   : 0.000

Type  : Fast 1100mV 0C Model Hold 'handshake:FSM|positionControl:POSCTRL|currentState.DRAW_MAZE'
Slack : 0.311
TNS   : 0.000

Type  : Fast 1100mV 0C Model Hold 'SW[7]'
Slack : 0.602
TNS   : 0.000

Type  : Fast 1100mV 0C Model Hold 'handshake:FSM|positionControl:POSCTRL|currentState.DRAW_NEW'
Slack : 0.602
TNS   : 0.000

Type  : Fast 1100mV 0C Model Hold 'handshake:FSM|positionControl:POSCTRL|currentState.DELETE_OLD'
Slack : 0.670
TNS   : 0.000

Type  : Fast 1100mV 0C Model Hold 'handshake:FSM|legalControl:LEGALCTRL|gameOver'
Slack : 0.875
TNS   : 0.000

Type  : Fast 1100mV 0C Model Minimum Pulse Width 'SW[7]'
Slack : -0.166
TNS   : -0.881

Type  : Fast 1100mV 0C Model Minimum Pulse Width 'handshake:FSM|positionControl:POSCTRL|currentState.DRAW_NEW'
Slack : 0.001
TNS   : 0.000

Type  : Fast 1100mV 0C Model Minimum Pulse Width 'handshake:FSM|positionControl:POSCTRL|currentState.DELETE_OLD'
Slack : 0.028
TNS   : 0.000

Type  : Fast 1100mV 0C Model Minimum Pulse Width 'handshake:FSM|legalControl:LEGALCTRL|gameOver'
Slack : 0.193
TNS   : 0.000

Type  : Fast 1100mV 0C Model Minimum Pulse Width 'handshake:FSM|positionControl:POSCTRL|currentState.DRAW_MAZE'
Slack : 0.236
TNS   : 0.000

Type  : Fast 1100mV 0C Model Minimum Pulse Width 'VGA|mypll|altpll_component|auto_generated|generic_pll1~FRACTIONAL_PLL|vcoph[0]'
Slack : 1.666
TNS   : 0.000

Type  : Fast 1100mV 0C Model Minimum Pulse Width 'CLOCK_50'
Slack : 8.801
TNS   : 0.000

Type  : Fast 1100mV 0C Model Minimum Pulse Width 'VGA|mypll|altpll_component|auto_generated|generic_pll1~PLL_OUTPUT_COUNTER|divclk'
Slack : 18.888
TNS   : 0.000

------------------------------------------------------------
