------------------------------------------------------------
Timing Analyzer Summary
------------------------------------------------------------

Type  : Slow 1100mV 85C Model Setup 'CLOCK_50'
Slack : -1.807
TNS   : -135.921

Type  : Slow 1100mV 85C Model Hold 'CLOCK_50'
Slack : 0.281
TNS   : 0.000

Type  : Slow 1100mV 85C Model Minimum Pulse Width 'CLOCK_50'
Slack : -0.394
TNS   : -55.818

Type  : Slow 1100mV 0C Model Setup 'CLOCK_50'
Slack : -1.757
TNS   : -129.813

Type  : Slow 1100mV 0C Model Hold 'CLOCK_50'
Slack : 0.264
TNS   : 0.000

Type  : Slow 1100mV 0C Model Minimum Pulse Width 'CLOCK_50'
Slack : -0.394
TNS   : -59.427

Type  : Fast 1100mV 85C Model Setup 'CLOCK_50'
Slack : -0.576
TNS   : -33.042

Type  : Fast 1100mV 85C Model Hold 'CLOCK_50'
Slack : 0.165
TNS   : 0.000

Type  : Fast 1100mV 85C Model Minimum Pulse Width 'CLOCK_50'
Slack : -0.093
TNS   : -9.516

Type  : Fast 1100mV 0C Model Setup 'CLOCK_50'
Slack : -0.454
TNS   : -23.831

Type  : Fast 1100mV 0C Model Hold 'CLOCK_50'
Slack : 0.151
TNS   : 0.000

Type  : Fast 1100mV 0C Model Minimum Pulse Width 'CLOCK_50'
Slack : -0.090
TNS   : -9.204

------------------------------------------------------------
